// Jest Snapshot v1, https://goo.gl/fbAQLP

exports[`<PusherProvider /> should render 1`] = `
<PusherProvider
  instance={
    Object {
      "connection": Object {
        "bind": [MockFunction] {
          "calls": Array [
            Array [
              "connected",
              undefined,
            ],
          ],
          "results": Array [
            Object {
              "type": "return",
              "value": undefined,
            },
          ],
        },
        "unbind": [MockFunction],
      },
      "subscribe": [Function],
      "unsubscribe": [MockFunction],
    }
  }
>
  <PusherChannel
    name="test"
  >
    <MyComponent>
      <button
        className="test"
        onClick={[Function]}
        type="button"
      />
    </MyComponent>
  </PusherChannel>
</PusherProvider>
`;
