// Jest Snapshot v1, https://goo.gl/fbAQLP

exports[`<PusherProvider /> should render 1`] = `
<PusherProvider
  instance={
    Object {
      "connection": Object {
        "bind": [MockFunction],
        "unbind": [MockFunction],
      },
      "subscribe": [Function],
      "unsubscribe": [MockFunction],
    }
  }
>
  <PusherChannel
    name="test"
  >
    <MyComponent>
      <span>
        Test
      </span>
    </MyComponent>
  </PusherChannel>
</PusherProvider>
`;
